SET Z 6;
GETSP W;
SUB W Z;
SETSP W;
SET W 0;
SET Z 0;
STORE Z W;
SET W 753664;
SET Z 1;
STORE Z W;
SET W 256;
SET Z 2;
STORE Z W;
SET W 1024;
SET Z 3;
STORE Z W;
SET W 0;
SET Z 1;
SET V Y;
SUB V Z;
STORE V W;
SET W 0;
SET Z 2;
SET V Y;
SUB V Z;
STORE V W;
SET W 1024;
SET Z 3;
SET V Y;
SUB V Z;
STORE V W;
arr_init_5: ;
SET Z 2;
SET V Y;
SUB V Z;
LOAD W V;
SET Z 3;
SET V Y;
SUB V Z;
LOAD X V;
JEQ W X arr_end_6;
SET Z 3;
LOAD X Z;
SET W X;
SET Z 4;
SET V Y;
SUB V Z;
STORE V W;
SET Z 4;
SET V Y;
SUB V Z;
LOAD W V;
SET Z 2;
SET V Y;
SUB V Z;
LOAD X V;
ADD W X;
SET Z 4;
SET V Y;
SUB V Z;
STORE V W;
SET Z 4;
SET V Y;
SUB V Z;
LOAD X V;
SET Z 1;
SET V Y;
SUB V Z;
LOAD W V;
STORE X W;
SET W 1;
SET Z 5;
SET V Y;
SUB V Z;
STORE V W;
SET Z 2;
SET V Y;
SUB V Z;
LOAD W V;
SET Z 5;
SET V Y;
SUB V Z;
LOAD X V;
ADD W X;
SET Z 2;
SET V Y;
SUB V Z;
STORE V W;
JMP arr_init_5;
arr_end_6: ;
SET W 0;
SET Z 4;
STORE Z W;
CALL main;
HALT;
init_memory_manager: ;
PUSH Y;
GETSP Y;
SET Z 1;
GETSP W;
SUB W Z;
SETSP W;
SETSP Y;
POP Y;
RET;
SETSP Y;
POP Y;
RET;
init_gdt: ;
PUSH Y;
GETSP Y;
SET Z 1;
GETSP W;
SUB W Z;
SETSP W;
SETSP Y;
POP Y;
RET;
SETSP Y;
POP Y;
RET;
init_idt: ;
PUSH Y;
GETSP Y;
SET Z 1;
GETSP W;
SUB W Z;
SETSP W;
SETSP Y;
POP Y;
RET;
SETSP Y;
POP Y;
RET;
process_keypress: ;
PUSH Y;
GETSP Y;
SET Z 2;
GETSP W;
SUB W Z;
SETSP W;
SET Z 2;
SET V Y;
ADD V Z;
LOAD W V;
SET W W;
SET Z 1;
SET V Y;
SUB V Z;
STORE V W;
SETSP Y;
POP Y;
RET;
SETSP Y;
POP Y;
RET;
register_interrupt: ;
PUSH Y;
GETSP Y;
SET Z 3;
GETSP W;
SUB W Z;
SETSP W;
SET Z 2;
SET V Y;
ADD V Z;
LOAD W V;
SET W W;
SET Z 1;
SET V Y;
SUB V Z;
STORE V W;
SET Z 3;
SET V Y;
ADD V Z;
LOAD W V;
SET W W;
SET Z 2;
SET V Y;
SUB V Z;
STORE V W;
SETSP Y;
POP Y;
RET;
SETSP Y;
POP Y;
RET;
create_process: ;
PUSH Y;
GETSP Y;
SET Z 2;
GETSP W;
SUB W Z;
SETSP W;
SET Z 2;
SET V Y;
ADD V Z;
LOAD W V;
SET W W;
SET Z 1;
SET V Y;
SUB V Z;
STORE V W;
SETSP Y;
POP Y;
RET;
SETSP Y;
POP Y;
RET;
inb: ;
PUSH Y;
GETSP Y;
SET Z 3;
GETSP W;
SUB W Z;
SETSP W;
SET Z 2;
SET V Y;
ADD V Z;
LOAD W V;
SET W W;
SET Z 1;
SET V Y;
SUB V Z;
STORE V W;
SET W 0;
SET Z 2;
SET V Y;
SUB V Z;
STORE V W;
SET Z 2;
SET V Y;
SUB V Z;
LOAD W V;
SET A, W;
SET Z 1;
SET V Y;
SUB V Z;
LOAD W V;
SET B, W;
IN X, B;
SET A X;
SET Z 2;
SET V Y;
SUB V Z;
STORE V A;
SET Z 1;
SET V Y;
SUB V Z;
STORE V B;
SET Z 2;
SET V Y;
SUB V Z;
LOAD X V;
SET W X;
SET Z W;
SETSP Y;
POP Y;
RET;
SETSP Y;
POP Y;
RET;
SETSP Y;
POP Y;
RET;
outb: ;
PUSH Y;
GETSP Y;
SET Z 3;
GETSP W;
SUB W Z;
SETSP W;
SET Z 2;
SET V Y;
ADD V Z;
LOAD W V;
SET W W;
SET Z 1;
SET V Y;
SUB V Z;
STORE V W;
SET Z 3;
SET V Y;
ADD V Z;
LOAD W V;
SET W W;
SET Z 2;
SET V Y;
SUB V Z;
STORE V W;
SET Z 2;
SET V Y;
SUB V Z;
LOAD W V;
SET A, W;
SET Z 1;
SET V Y;
SUB V Z;
LOAD W V;
SET B, W;
OUT A, B;
SET Z 2;
SET V Y;
SUB V Z;
STORE V A;
SET Z 1;
SET V Y;
SUB V Z;
STORE V B;
SETSP Y;
POP Y;
RET;
SETSP Y;
POP Y;
RET;
timer_interrupt_handler: ;
PUSH W;
PUSH X;
PUSH Y;
PUSH Z;
PUSH V;
PUSH Y;
GETSP Y;
SET Z 2;
GETSP W;
SUB W Z;
SETSP W;
SET W 1;
SET Z 1;
SET V Y;
SUB V Z;
STORE V W;
SET Z 0;
LOAD W Z;
SET Z 1;
SET V Y;
SUB V Z;
LOAD X V;
ADD W X;
SET Z 0;
STORE Z W;
PUSH 32;
PUSH 32;
CALL outb;
GETSP W;
SET Z 2;
ADD W Z;
SETSP W;
CALL schedule;
SETSP Y;
POP Y;
POP V;
POP Z;
POP Y;
POP X;
POP W;
IRET;
SETSP Y;
POP Y;
POP V;
POP Z;
POP Y;
POP X;
POP W;
IRET;
keyboard_interrupt_handler: ;
PUSH W;
PUSH X;
PUSH Y;
PUSH Z;
PUSH V;
PUSH Y;
GETSP Y;
SET Z 3;
GETSP W;
SUB W Z;
SETSP W;
PUSH 96;
CALL inb;
GETSP W;
SET Z 1;
ADD W Z;
SETSP W;
SET W Z;
SET Z 1;
SET V Y;
SUB V Z;
STORE V W;
SET Z 1;
SET V Y;
SUB V Z;
LOAD X V;
SET W X;
SET Z 2;
SET V Y;
SUB V Z;
STORE V W;
SET Z 2;
SET V Y;
SUB V Z;
LOAD W V;
PUSH W;
CALL process_keypress;
GETSP W;
SET Z 1;
ADD W Z;
SETSP W;
PUSH 32;
PUSH 32;
CALL outb;
GETSP W;
SET Z 2;
ADD W Z;
SETSP W;
SETSP Y;
POP Y;
POP V;
POP Z;
POP Y;
POP X;
POP W;
IRET;
SETSP Y;
POP Y;
POP V;
POP Z;
POP Y;
POP X;
POP W;
IRET;
schedule: ;
PUSH Y;
GETSP Y;
SET Z 30;
GETSP W;
SUB W Z;
SETSP W;
SET Z 4;
LOAD X Z;
SET W X;
SET Z 1;
SET V Y;
SUB V Z;
STORE V W;
SET Z 1;
SET V Y;
SUB V Z;
LOAD W V;
ADD W 1;
SET Z 1;
SET V Y;
SUB V Z;
STORE V W;
SET Z 1;
SET V Y;
SUB V Z;
LOAD X V;
SET W X;
SET Z 2;
SET V Y;
SUB V Z;
STORE V W;
SET Z 2;
SET V Y;
SUB V Z;
LOAD W V;
SET Z 2;
LOAD X Z;
MOD W X;
SET Z 2;
SET V Y;
SUB V Z;
STORE V W;
SET Z 2;
SET V Y;
SUB V Z;
LOAD X V;
SET W X;
SET Z 3;
SET V Y;
SUB V Z;
STORE V W;
while_start_12: ;
SET W 4;
SET Z 4;
SET V Y;
SUB V Z;
STORE V W;
SET Z 4;
SET V Y;
SUB V Z;
LOAD W V;
SET Z 3;
SET V Y;
SUB V Z;
LOAD X V;
MUL W X;
SET Z 4;
SET V Y;
SUB V Z;
STORE V W;
SET Z 3;
LOAD X Z;
SET W X;
SET Z 5;
SET V Y;
SUB V Z;
STORE V W;
SET Z 5;
SET V Y;
SUB V Z;
LOAD W V;
SET Z 4;
SET V Y;
SUB V Z;
LOAD X V;
ADD W X;
SET Z 5;
SET V Y;
SUB V Z;
STORE V W;
SET Z 5;
SET V Y;
SUB V Z;
LOAD X V;
SET W X;
SET Z 6;
SET V Y;
SUB V Z;
STORE V W;
SET W 1;
SET Z 7;
SET V Y;
SUB V Z;
STORE V W;
SET Z 6;
SET V Y;
SUB V Z;
LOAD W V;
SET Z 7;
SET V Y;
SUB V Z;
LOAD X V;
ADD W X;
SET Z 6;
SET V Y;
SUB V Z;
STORE V W;
SET Z 6;
SET V Y;
SUB V Z;
LOAD X V;
LOAD W X;
SET Z 8;
SET V Y;
SUB V Z;
STORE V W;
SET Z 8;
SET V Y;
SUB V Z;
LOAD X V;
SET W X;
SET Z 9;
SET V Y;
SUB V Z;
STORE V W;
SET Z 8;
SET V Y;
SUB V Z;
LOAD W V;
JNE W 0 cmp_true_21;
SET W 0;
SET Z 9;
SET V Y;
SUB V Z;
STORE V W;
JMP cmp_end_22;
cmp_true_21: ;
SET W 1;
SET Z 9;
SET V Y;
SUB V Z;
STORE V W;
cmp_end_22: ;
SET Z 3;
SET V Y;
SUB V Z;
LOAD X V;
SET W X;
SET Z 10;
SET V Y;
SUB V Z;
STORE V W;
SET Z 3;
SET V Y;
SUB V Z;
LOAD W V;
SET Z 4;
LOAD X Z;
JNE W X cmp_true_24;
SET W 0;
SET Z 10;
SET V Y;
SUB V Z;
STORE V W;
JMP cmp_end_25;
cmp_true_24: ;
SET W 1;
SET Z 10;
SET V Y;
SUB V Z;
STORE V W;
cmp_end_25: ;
SET Z 9;
SET V Y;
SUB V Z;
LOAD X V;
SET W X;
SET Z 11;
SET V Y;
SUB V Z;
STORE V W;
SET Z 11;
SET V Y;
SUB V Z;
LOAD W V;
SET Z 10;
SET V Y;
SUB V Z;
LOAD X V;
MUL W X;
SET Z 11;
SET V Y;
SUB V Z;
STORE V W;
SET Z 11;
SET V Y;
SUB V Z;
LOAD W V;
JNE W 0 while_body_13;
JMP while_end_14;
while_body_13: ;
SET Z 3;
SET V Y;
SUB V Z;
LOAD X V;
SET W X;
SET Z 12;
SET V Y;
SUB V Z;
STORE V W;
SET Z 12;
SET V Y;
SUB V Z;
LOAD W V;
ADD W 1;
SET Z 12;
SET V Y;
SUB V Z;
STORE V W;
SET Z 12;
SET V Y;
SUB V Z;
LOAD X V;
SET W X;
SET Z 13;
SET V Y;
SUB V Z;
STORE V W;
SET Z 13;
SET V Y;
SUB V Z;
LOAD W V;
SET Z 2;
LOAD X Z;
MOD W X;
SET Z 13;
SET V Y;
SUB V Z;
STORE V W;
SET Z 13;
SET V Y;
SUB V Z;
LOAD X V;
SET W X;
SET Z 3;
SET V Y;
SUB V Z;
STORE V W;
JMP while_start_12;
while_end_14: ;
SET Z 3;
SET V Y;
SUB V Z;
LOAD X V;
SET W X;
SET Z 14;
SET V Y;
SUB V Z;
STORE V W;
SET Z 3;
SET V Y;
SUB V Z;
LOAD W V;
SET Z 4;
LOAD X Z;
JNE W X cmp_true_30;
SET W 0;
SET Z 14;
SET V Y;
SUB V Z;
STORE V W;
JMP cmp_end_31;
cmp_true_30: ;
SET W 1;
SET Z 14;
SET V Y;
SUB V Z;
STORE V W;
cmp_end_31: ;
SET Z 14;
SET V Y;
SUB V Z;
LOAD W V;
JNE W 0 if_true_32;
JMP if_false_33;
if_true_32: ;
SET W 0;
SET Z 15;
SET V Y;
SUB V Z;
STORE V W;
SET Z 15;
SET V Y;
SUB V Z;
LOAD W V;
SET A, W;
GETSP W;
SET A W;
SET Z 15;
SET V Y;
SUB V Z;
STORE V A;
SET W 4;
SET Z 16;
SET V Y;
SUB V Z;
STORE V W;
SET Z 16;
SET V Y;
SUB V Z;
LOAD W V;
SET Z 4;
LOAD X Z;
MUL W X;
SET Z 16;
SET V Y;
SUB V Z;
STORE V W;
SET Z 3;
LOAD X Z;
SET W X;
SET Z 17;
SET V Y;
SUB V Z;
STORE V W;
SET Z 17;
SET V Y;
SUB V Z;
LOAD W V;
SET Z 16;
SET V Y;
SUB V Z;
LOAD X V;
ADD W X;
SET Z 17;
SET V Y;
SUB V Z;
STORE V W;
SET Z 17;
SET V Y;
SUB V Z;
LOAD X V;
SET W X;
SET Z 18;
SET V Y;
SUB V Z;
STORE V W;
SET W 2;
SET Z 19;
SET V Y;
SUB V Z;
STORE V W;
SET Z 18;
SET V Y;
SUB V Z;
LOAD W V;
SET Z 19;
SET V Y;
SUB V Z;
LOAD X V;
ADD W X;
SET Z 18;
SET V Y;
SUB V Z;
STORE V W;
SET Z 18;
SET V Y;
SUB V Z;
LOAD X V;
SET Z 15;
SET V Y;
SUB V Z;
LOAD W V;
STORE X W;
SET Z 3;
SET V Y;
SUB V Z;
LOAD X V;
SET W X;
SET Z 4;
STORE Z W;
SET W 4;
SET Z 20;
SET V Y;
SUB V Z;
STORE V W;
SET Z 20;
SET V Y;
SUB V Z;
LOAD W V;
SET Z 4;
LOAD X Z;
MUL W X;
SET Z 20;
SET V Y;
SUB V Z;
STORE V W;
SET Z 3;
LOAD X Z;
SET W X;
SET Z 21;
SET V Y;
SUB V Z;
STORE V W;
SET Z 21;
SET V Y;
SUB V Z;
LOAD W V;
SET Z 20;
SET V Y;
SUB V Z;
LOAD X V;
ADD W X;
SET Z 21;
SET V Y;
SUB V Z;
STORE V W;
SET Z 21;
SET V Y;
SUB V Z;
LOAD X V;
SET W X;
SET Z 22;
SET V Y;
SUB V Z;
STORE V W;
SET W 1;
SET Z 23;
SET V Y;
SUB V Z;
STORE V W;
SET Z 22;
SET V Y;
SUB V Z;
LOAD W V;
SET Z 23;
SET V Y;
SUB V Z;
LOAD X V;
ADD W X;
SET Z 22;
SET V Y;
SUB V Z;
STORE V W;
SET Z 22;
SET V Y;
SUB V Z;
LOAD X V;
STORE X 1;
SET W 4;
SET Z 24;
SET V Y;
SUB V Z;
STORE V W;
SET Z 24;
SET V Y;
SUB V Z;
LOAD W V;
SET Z 3;
SET V Y;
SUB V Z;
LOAD X V;
MUL W X;
SET Z 24;
SET V Y;
SUB V Z;
STORE V W;
SET Z 3;
LOAD X Z;
SET W X;
SET Z 25;
SET V Y;
SUB V Z;
STORE V W;
SET Z 25;
SET V Y;
SUB V Z;
LOAD W V;
SET Z 24;
SET V Y;
SUB V Z;
LOAD X V;
ADD W X;
SET Z 25;
SET V Y;
SUB V Z;
STORE V W;
SET Z 25;
SET V Y;
SUB V Z;
LOAD X V;
SET W X;
SET Z 26;
SET V Y;
SUB V Z;
STORE V W;
SET W 2;
SET Z 27;
SET V Y;
SUB V Z;
STORE V W;
SET Z 26;
SET V Y;
SUB V Z;
LOAD W V;
SET Z 27;
SET V Y;
SUB V Z;
LOAD X V;
ADD W X;
SET Z 26;
SET V Y;
SUB V Z;
STORE V W;
SET Z 26;
SET V Y;
SUB V Z;
LOAD X V;
LOAD W X;
SET Z 28;
SET V Y;
SUB V Z;
STORE V W;
SET Z 28;
SET V Y;
SUB V Z;
LOAD X V;
SET W X;
SET Z 29;
SET V Y;
SUB V Z;
STORE V W;
SET Z 29;
SET V Y;
SUB V Z;
LOAD W V;
SET A, W;
SETSP A;
SET Z 29;
SET V Y;
SUB V Z;
STORE V A;
JMP if_end_34;
if_false_33: ;
if_end_34: ;
SETSP Y;
POP Y;
RET;
SETSP Y;
POP Y;
RET;
main: ;
PUSH Y;
GETSP Y;
SET Z 12;
GETSP W;
SUB W Z;
SETSP W;
CLI;
CALL init_memory_manager;
CALL init_gdt;
CALL init_idt;
LABELADDR W, timer_interrupt_handler;
SET Z 1;
SET V Y;
SUB V Z;
STORE V W;
PUSH 32;
SET Z 1;
SET V Y;
SUB V Z;
LOAD W V;
PUSH W;
CALL register_interrupt;
GETSP W;
SET Z 2;
ADD W Z;
SETSP W;
LABELADDR W, keyboard_interrupt_handler;
SET Z 2;
SET V Y;
SUB V Z;
STORE V W;
PUSH 33;
SET Z 2;
SET V Y;
SUB V Z;
LOAD W V;
PUSH W;
CALL register_interrupt;
GETSP W;
SET Z 2;
ADD W Z;
SETSP W;
SET W 0;
SET Z 3;
SET V Y;
SUB V Z;
STORE V W;
for_start_50: ;
SET W 80;
SET Z 4;
SET V Y;
SUB V Z;
STORE V W;
SET Z 4;
SET V Y;
SUB V Z;
LOAD W V;
MUL W 25;
SET Z 4;
SET V Y;
SUB V Z;
STORE V W;
SET Z 3;
SET V Y;
SUB V Z;
LOAD X V;
SET W X;
SET Z 5;
SET V Y;
SUB V Z;
STORE V W;
SET Z 3;
SET V Y;
SUB V Z;
LOAD W V;
SET Z 4;
SET V Y;
SUB V Z;
LOAD X V;
JLT W X cmp_true_55;
SET W 0;
SET Z 5;
SET V Y;
SUB V Z;
STORE V W;
JMP cmp_end_56;
cmp_true_55: ;
SET W 1;
SET Z 5;
SET V Y;
SUB V Z;
STORE V W;
cmp_end_56: ;
SET Z 5;
SET V Y;
SUB V Z;
LOAD W V;
JNE W 0 for_body_51;
JMP for_end_52;
for_body_51: ;
SET Z 1;
LOAD X Z;
SET W X;
SET Z 6;
SET V Y;
SUB V Z;
STORE V W;
SET Z 6;
SET V Y;
SUB V Z;
LOAD W V;
SET Z 3;
SET V Y;
SUB V Z;
LOAD X V;
ADD W X;
SET Z 6;
SET V Y;
SUB V Z;
STORE V W;
SET Z 6;
SET V Y;
SUB V Z;
LOAD X V;
STORE X 1824;
SET W 1;
SET Z 7;
SET V Y;
SUB V Z;
STORE V W;
SET Z 3;
SET V Y;
SUB V Z;
LOAD W V;
SET Z 7;
SET V Y;
SUB V Z;
LOAD X V;
ADD W X;
SET Z 3;
SET V Y;
SUB V Z;
STORE V W;
JMP for_start_50;
for_end_52: ;
SET W 1;
SET Z 8;
SET V Y;
SUB V Z;
STORE V W;
SET Z 2;
LOAD X Z;
SET W X;
SET Z 9;
SET V Y;
SUB V Z;
STORE V W;
SET Z 2;
LOAD W Z;
JGT W 0 cmp_true_60;
SET W 0;
SET Z 9;
SET V Y;
SUB V Z;
STORE V W;
JMP cmp_end_61;
cmp_true_60: ;
SET W 1;
SET Z 9;
SET V Y;
SUB V Z;
STORE V W;
cmp_end_61: ;
SET Z 8;
SET V Y;
SUB V Z;
LOAD X V;
SET W X;
SET Z 10;
SET V Y;
SUB V Z;
STORE V W;
SET Z 10;
SET V Y;
SUB V Z;
LOAD W V;
SET Z 9;
SET V Y;
SUB V Z;
LOAD X V;
MUL W X;
SET Z 10;
SET V Y;
SUB V Z;
STORE V W;
SET Z 10;
SET V Y;
SUB V Z;
LOAD W V;
JNE W 0 if_true_63;
JMP if_false_64;
if_true_63: ;
JMP if_end_65;
if_false_64: ;
if_end_65: ;
SET W 0;
SET Z 11;
SET V Y;
SUB V Z;
STORE V W;
SET Z 11;
SET V Y;
SUB V Z;
LOAD W V;
PUSH W;
CALL create_process;
GETSP W;
SET Z 1;
ADD W Z;
SETSP W;
STI;
while_start_67: ;
JNE 1 0 while_body_68;
JMP while_end_69;
while_body_68: ;
HALT;
JMP while_start_67;
while_end_69: ;
SET W 0;
SET Z W;
HALT;
HALT;
SETSP Y;
POP Y;
RET;
idle_task: ;
PUSH Y;
GETSP Y;
SET Z 1;
GETSP W;
SUB W Z;
SETSP W;
while_start_70: ;
JNE 1 0 while_body_71;
JMP while_end_72;
while_body_71: ;
YIELD;
JMP while_start_70;
while_end_72: ;
SETSP Y;
POP Y;
RET;
SETSP Y;
POP Y;
RET;